<testsuites id="" name="" tests="190" failures="0" skipped="39" errors="0" time="209.26387000000003">
<testsuite name="e2e-tests-fixed.spec.ts" timestamp="2026-09-28T12:39:25.577Z" hostname="Desktop Chrome" tests="38" failures="0" skipped="5" time="97.286" errors="0">
<testcase name="[Desktop] Leben in Deutschland Test App - E2E Tests › Homepage - / › should load homepage with correct title" classname="e2e-tests-fixed.spec.ts" time="2.731">
</testcase>
<testcase name="[Desktop] Leben in Deutschland Test App - E2E Tests › Homepage - / › should display main hero section" classname="e2e-tests-fixed.spec.ts" time="2.799">
</testcase>
<testcase name="[Desktop] Leben in Deutschland Test App - E2E Tests › Homepage - / › should show statistics" classname="e2e-tests-fixed.spec.ts" time="2.609">
</testcase>
<testcase name="[Desktop] Leben in Deutschland Test App - E2E Tests › Homepage - / › should display CTA buttons" classname="e2e-tests-fixed.spec.ts" time="2.857">
</testcase>
<testcase name="[Desktop] Leben in Deutschland Test App - E2E Tests › Homepage - / › should navigate to practice" classname="e2e-tests-fixed.spec.ts" time="3.353">
</testcase>
<testcase name="[Desktop] Leben in Deutschland Test App - E2E Tests › Homepage - / › should navigate to test" classname="e2e-tests-fixed.spec.ts" time="4.286">
</testcase>
<testcase name="[Desktop] Leben in Deutschland Test App - E2E Tests › Practice Page - /practice › should load practice page" classname="e2e-tests-fixed.spec.ts" time="3.235">
</testcase>
<testcase name="[Desktop] Leben in Deutschland Test App - E2E Tests › Practice Page - /practice › should display practice content" classname="e2e-tests-fixed.spec.ts" time="3.145">
</testcase>
<testcase name="[Desktop] Leben in Deutschland Test App - E2E Tests › Practice Page - /practice › should have back button" classname="e2e-tests-fixed.spec.ts" time="3.658">
</testcase>
<testcase name="[Desktop] Leben in Deutschland Test App - E2E Tests › Practice Page - /practice › back button should navigate to home" classname="e2e-tests-fixed.spec.ts" time="3.458">
</testcase>
<testcase name="[Desktop] Leben in Deutschland Test App - E2E Tests › Test Page - /test › should load test page" classname="e2e-tests-fixed.spec.ts" time="3.875">
</testcase>
<testcase name="[Desktop] Leben in Deutschland Test App - E2E Tests › Test Page - /test › should have test configuration" classname="e2e-tests-fixed.spec.ts" time="3.942">
</testcase>
<testcase name="[Desktop] Leben in Deutschland Test App - E2E Tests › Test Page - /test › back button should navigate to home" classname="e2e-tests-fixed.spec.ts" time="3">
</testcase>
<testcase name="[Desktop] Leben in Deutschland Test App - E2E Tests › Review Page - /review › should load review page" classname="e2e-tests-fixed.spec.ts" time="2.482">
</testcase>
<testcase name="[Desktop] Leben in Deutschland Test App - E2E Tests › Review Page - /review › should have back button" classname="e2e-tests-fixed.spec.ts" time="2.472">
</testcase>
<testcase name="[Desktop] Leben in Deutschland Test App - E2E Tests › Settings Page - /settings › should load settings page" classname="e2e-tests-fixed.spec.ts" time="1.914">
</testcase>
<testcase name="[Desktop] Leben in Deutschland Test App - E2E Tests › Settings Page - /settings › should have back button" classname="e2e-tests-fixed.spec.ts" time="1.795">
</testcase>
<testcase name="[Desktop] Leben in Deutschland Test App - E2E Tests › Stats Page - /stats › should load stats page" classname="e2e-tests-fixed.spec.ts" time="1.933">
</testcase>
<testcase name="[Desktop] Leben in Deutschland Test App - E2E Tests › Stats Page - /stats › should have back button" classname="e2e-tests-fixed.spec.ts" time="2.132">
</testcase>
<testcase name="[Mobile] Leben in Deutschland Test App - E2E Tests › Homepage - / › should load homepage with correct title" classname="e2e-tests-fixed.spec.ts" time="2.137">
</testcase>
<testcase name="[Mobile] Leben in Deutschland Test App - E2E Tests › Homepage - / › should display main hero section" classname="e2e-tests-fixed.spec.ts" time="1.911">
</testcase>
<testcase name="[Mobile] Leben in Deutschland Test App - E2E Tests › Homepage - / › should show statistics" classname="e2e-tests-fixed.spec.ts" time="1.723">
</testcase>
<testcase name="[Mobile] Leben in Deutschland Test App - E2E Tests › Homepage - / › should display CTA buttons" classname="e2e-tests-fixed.spec.ts" time="1.863">
</testcase>
<testcase name="[Mobile] Leben in Deutschland Test App - E2E Tests › Homepage - / › should navigate to practice" classname="e2e-tests-fixed.spec.ts" time="2.162">
</testcase>
<testcase name="[Mobile] Leben in Deutschland Test App - E2E Tests › Homepage - / › should navigate to test" classname="e2e-tests-fixed.spec.ts" time="3.022">
</testcase>
<testcase name="[Mobile] Leben in Deutschland Test App - E2E Tests › Practice Page - /practice › should load practice page" classname="e2e-tests-fixed.spec.ts" time="2.334">
</testcase>
<testcase name="[Mobile] Leben in Deutschland Test App - E2E Tests › Practice Page - /practice › should display practice content" classname="e2e-tests-fixed.spec.ts" time="2.309">
</testcase>
<testcase name="[Mobile] Leben in Deutschland Test App - E2E Tests › Practice Page - /practice › should have back button" classname="e2e-tests-fixed.spec.ts" time="2.684">
<properties>
<property name="skip" value="">
</property>
</properties>
<skipped>
</skipped>
</testcase>
<testcase name="[Mobile] Leben in Deutschland Test App - E2E Tests › Practice Page - /practice › back button should navigate to home" classname="e2e-tests-fixed.spec.ts" time="2.536">
<properties>
<property name="skip" value="">
</property>
</properties>
<skipped>
</skipped>
</testcase>
<testcase name="[Mobile] Leben in Deutschland Test App - E2E Tests › Test Page - /test › should load test page" classname="e2e-tests-fixed.spec.ts" time="3.08">
</testcase>
<testcase name="[Mobile] Leben in Deutschland Test App - E2E Tests › Test Page - /test › should have test configuration" classname="e2e-tests-fixed.spec.ts" time="3.313">
</testcase>
<testcase name="[Mobile] Leben in Deutschland Test App - E2E Tests › Test Page - /test › back button should navigate to home" classname="e2e-tests-fixed.spec.ts" time="2.806">
</testcase>
<testcase name="[Mobile] Leben in Deutschland Test App - E2E Tests › Review Page - /review › should load review page" classname="e2e-tests-fixed.spec.ts" time="2.026">
</testcase>
<testcase name="[Mobile] Leben in Deutschland Test App - E2E Tests › Review Page - /review › should have back button" classname="e2e-tests-fixed.spec.ts" time="1.765">
<properties>
<property name="skip" value="">
</property>
</properties>
<skipped>
</skipped>
</testcase>
<testcase name="[Mobile] Leben in Deutschland Test App - E2E Tests › Settings Page - /settings › should load settings page" classname="e2e-tests-fixed.spec.ts" time="1.494">
</testcase>
<testcase name="[Mobile] Leben in Deutschland Test App - E2E Tests › Settings Page - /settings › should have back button" classname="e2e-tests-fixed.spec.ts" time="1.527">
<properties>
<property name="skip" value="">
</property>
</properties>
<skipped>
</skipped>
</testcase>
<testcase name="[Mobile] Leben in Deutschland Test App - E2E Tests › Stats Page - /stats › should load stats page" classname="e2e-tests-fixed.spec.ts" time="1.447">
</testcase>
<testcase name="[Mobile] Leben in Deutschland Test App - E2E Tests › Stats Page - /stats › should have back button" classname="e2e-tests-fixed.spec.ts" time="1.471">
<properties>
<property name="skip" value="">
</property>
</properties>
<skipped>
</skipped>
</testcase>
</testsuite>
<testsuite name="e2e-tests-fixed.spec.ts" timestamp="2026-09-28T12:39:25.577Z" hostname="Desktop Firefox" tests="38" failures="0" skipped="5" time="226.633" errors="0">
<testcase name="[Desktop] Leben in Deutschland Test App - E2E Tests › Homepage - / › should load homepage with correct title" classname="e2e-tests-fixed.spec.ts" time="3.883">
</testcase>
<testcase name="[Desktop] Leben in Deutschland Test App - E2E Tests › Homepage - / › should display main hero section" classname="e2e-tests-fixed.spec.ts" time="4.844">
</testcase>
<testcase name="[Desktop] Leben in Deutschland Test App - E2E Tests › Homepage - / › should show statistics" classname="e2e-tests-fixed.spec.ts" time="5.265">
</testcase>
<testcase name="[Desktop] Leben in Deutschland Test App - E2E Tests › Homepage - / › should display CTA buttons" classname="e2e-tests-fixed.spec.ts" time="6.712">
</testcase>
<testcase name="[Desktop] Leben in Deutschland Test App - E2E Tests › Homepage - / › should navigate to practice" classname="e2e-tests-fixed.spec.ts" time="4.719">
</testcase>
<testcase name="[Desktop] Leben in Deutschland Test App - E2E Tests › Homepage - / › should navigate to test" classname="e2e-tests-fixed.spec.ts" time="4.573">
</testcase>
<testcase name="[Desktop] Leben in Deutschland Test App - E2E Tests › Practice Page - /practice › should load practice page" classname="e2e-tests-fixed.spec.ts" time="3.814">
</testcase>
<testcase name="[Desktop] Leben in Deutschland Test App - E2E Tests › Practice Page - /practice › should display practice content" classname="e2e-tests-fixed.spec.ts" time="3.939">
</testcase>
<testcase name="[Desktop] Leben in Deutschland Test App - E2E Tests › Practice Page - /practice › should have back button" classname="e2e-tests-fixed.spec.ts" time="4.219">
</testcase>
<testcase name="[Desktop] Leben in Deutschland Test App - E2E Tests › Practice Page - /practice › back button should navigate to home" classname="e2e-tests-fixed.spec.ts" time="4.54">
</testcase>
<testcase name="[Desktop] Leben in Deutschland Test App - E2E Tests › Test Page - /test › should load test page" classname="e2e-tests-fixed.spec.ts" time="4.187">
</testcase>
<testcase name="[Desktop] Leben in Deutschland Test App - E2E Tests › Test Page - /test › should have test configuration" classname="e2e-tests-fixed.spec.ts" time="4.412">
</testcase>
<testcase name="[Desktop] Leben in Deutschland Test App - E2E Tests › Test Page - /test › back button should navigate to home" classname="e2e-tests-fixed.spec.ts" time="4.141">
</testcase>
<testcase name="[Desktop] Leben in Deutschland Test App - E2E Tests › Review Page - /review › should load review page" classname="e2e-tests-fixed.spec.ts" time="3.701">
</testcase>
<testcase name="[Desktop] Leben in Deutschland Test App - E2E Tests › Review Page - /review › should have back button" classname="e2e-tests-fixed.spec.ts" time="3.624">
</testcase>
<testcase name="[Desktop] Leben in Deutschland Test App - E2E Tests › Settings Page - /settings › should load settings page" classname="e2e-tests-fixed.spec.ts" time="3.143">
</testcase>
<testcase name="[Desktop] Leben in Deutschland Test App - E2E Tests › Settings Page - /settings › should have back button" classname="e2e-tests-fixed.spec.ts" time="3.453">
</testcase>
<testcase name="[Desktop] Leben in Deutschland Test App - E2E Tests › Stats Page - /stats › should load stats page" classname="e2e-tests-fixed.spec.ts" time="3.199">
</testcase>
<testcase name="[Desktop] Leben in Deutschland Test App - E2E Tests › Stats Page - /stats › should have back button" classname="e2e-tests-fixed.spec.ts" time="3.697">
</testcase>
<testcase name="[Mobile] Leben in Deutschland Test App - E2E Tests › Homepage - / › should load homepage with correct title" classname="e2e-tests-fixed.spec.ts" time="4.455">
</testcase>
<testcase name="[Mobile] Leben in Deutschland Test App - E2E Tests › Homepage - / › should display main hero section" classname="e2e-tests-fixed.spec.ts" time="3.072">
</testcase>
<testcase name="[Mobile] Leben in Deutschland Test App - E2E Tests › Homepage - / › should show statistics" classname="e2e-tests-fixed.spec.ts" time="3.339">
</testcase>
<testcase name="[Mobile] Leben in Deutschland Test App - E2E Tests › Homepage - / › should display CTA buttons" classname="e2e-tests-fixed.spec.ts" time="3.704">
</testcase>
<testcase name="[Mobile] Leben in Deutschland Test App - E2E Tests › Homepage - / › should navigate to practice" classname="e2e-tests-fixed.spec.ts" time="53.32">
</testcase>
<testcase name="[Mobile] Leben in Deutschland Test App - E2E Tests › Homepage - / › should navigate to test" classname="e2e-tests-fixed.spec.ts" time="3.042">
</testcase>
<testcase name="[Mobile] Leben in Deutschland Test App - E2E Tests › Practice Page - /practice › should load practice page" classname="e2e-tests-fixed.spec.ts" time="2.661">
</testcase>
<testcase name="[Mobile] Leben in Deutschland Test App - E2E Tests › Practice Page - /practice › should display practice content" classname="e2e-tests-fixed.spec.ts" time="52.288">
</testcase>
<testcase name="[Mobile] Leben in Deutschland Test App - E2E Tests › Practice Page - /practice › should have back button" classname="e2e-tests-fixed.spec.ts" time="2.394">
<properties>
<property name="skip" value="">
</property>
</properties>
<skipped>
</skipped>
</testcase>
<testcase name="[Mobile] Leben in Deutschland Test App - E2E Tests › Practice Page - /practice › back button should navigate to home" classname="e2e-tests-fixed.spec.ts" time="2.224">
<properties>
<property name="skip" value="">
</property>
</properties>
<skipped>
</skipped>
</testcase>
<testcase name="[Mobile] Leben in Deutschland Test App - E2E Tests › Test Page - /test › should load test page" classname="e2e-tests-fixed.spec.ts" time="2.001">
</testcase>
<testcase name="[Mobile] Leben in Deutschland Test App - E2E Tests › Test Page - /test › should have test configuration" classname="e2e-tests-fixed.spec.ts" time="2.424">
</testcase>
<testcase name="[Mobile] Leben in Deutschland Test App - E2E Tests › Test Page - /test › back button should navigate to home" classname="e2e-tests-fixed.spec.ts" time="2.105">
</testcase>
<testcase name="[Mobile] Leben in Deutschland Test App - E2E Tests › Review Page - /review › should load review page" classname="e2e-tests-fixed.spec.ts" time="1.825">
</testcase>
<testcase name="[Mobile] Leben in Deutschland Test App - E2E Tests › Review Page - /review › should have back button" classname="e2e-tests-fixed.spec.ts" time="1.507">
<properties>
<property name="skip" value="">
</property>
</properties>
<skipped>
</skipped>
</testcase>
<testcase name="[Mobile] Leben in Deutschland Test App - E2E Tests › Settings Page - /settings › should load settings page" classname="e2e-tests-fixed.spec.ts" time="1.473">
</testcase>
<testcase name="[Mobile] Leben in Deutschland Test App - E2E Tests › Settings Page - /settings › should have back button" classname="e2e-tests-fixed.spec.ts" time="1.852">
<properties>
<property name="skip" value="">
</property>
</properties>
<skipped>
</skipped>
</testcase>
<testcase name="[Mobile] Leben in Deutschland Test App - E2E Tests › Stats Page - /stats › should load stats page" classname="e2e-tests-fixed.spec.ts" time="1.63">
</testcase>
<testcase name="[Mobile] Leben in Deutschland Test App - E2E Tests › Stats Page - /stats › should have back button" classname="e2e-tests-fixed.spec.ts" time="1.252">
<properties>
<property name="skip" value="">
</property>
</properties>
<skipped>
</skipped>
</testcase>
</testsuite>
<testsuite name="e2e-tests-fixed.spec.ts" timestamp="2026-09-28T12:39:25.577Z" hostname="Desktop Safari" tests="38" failures="0" skipped="12" time="105.791" errors="0">
<testcase name="[Desktop] Leben in Deutschland Test App - E2E Tests › Homepage - / › should load homepage with correct title" classname="e2e-tests-fixed.spec.ts" time="5.11">
</testcase>
<testcase name="[Desktop] Leben in Deutschland Test App - E2E Tests › Homepage - / › should display main hero section" classname="e2e-tests-fixed.spec.ts" time="4.702">
<properties>
<property name="skip" value="Safari has different DOM rendering">
</property>
</properties>
<skipped>
</skipped>
</testcase>
<testcase name="[Desktop] Leben in Deutschland Test App - E2E Tests › Homepage - / › should show statistics" classname="e2e-tests-fixed.spec.ts" time="1.427">
<properties>
<property name="skip" value="Safari has different DOM rendering">
</property>
</properties>
<skipped>
</skipped>
</testcase>
<testcase name="[Desktop] Leben in Deutschland Test App - E2E Tests › Homepage - / › should display CTA buttons" classname="e2e-tests-fixed.spec.ts" time="2.379">
</testcase>
<testcase name="[Desktop] Leben in Deutschland Test App - E2E Tests › Homepage - / › should navigate to practice" classname="e2e-tests-fixed.spec.ts" time="4.156">
</testcase>
<testcase name="[Desktop] Leben in Deutschland Test App - E2E Tests › Homepage - / › should navigate to test" classname="e2e-tests-fixed.spec.ts" time="3.577">
</testcase>
<testcase name="[Desktop] Leben in Deutschland Test App - E2E Tests › Practice Page - /practice › should load practice page" classname="e2e-tests-fixed.spec.ts" time="2.014">
</testcase>
<testcase name="[Desktop] Leben in Deutschland Test App - E2E Tests › Practice Page - /practice › should display practice content" classname="e2e-tests-fixed.spec.ts" time="4.675">
</testcase>
<testcase name="[Desktop] Leben in Deutschland Test App - E2E Tests › Practice Page - /practice › should have back button" classname="e2e-tests-fixed.spec.ts" time="2.781">
</testcase>
<testcase name="[Desktop] Leben in Deutschland Test App - E2E Tests › Practice Page - /practice › back button should navigate to home" classname="e2e-tests-fixed.spec.ts" time="2.493">
<properties>
<property name="skip" value="Safari has navigation timeout issues">
</property>
</properties>
<skipped>
</skipped>
</testcase>
<testcase name="[Desktop] Leben in Deutschland Test App - E2E Tests › Test Page - /test › should load test page" classname="e2e-tests-fixed.spec.ts" time="2.708">
</testcase>
<testcase name="[Desktop] Leben in Deutschland Test App - E2E Tests › Test Page - /test › should have test configuration" classname="e2e-tests-fixed.spec.ts" time="3.519">
</testcase>
<testcase name="[Desktop] Leben in Deutschland Test App - E2E Tests › Test Page - /test › back button should navigate to home" classname="e2e-tests-fixed.spec.ts" time="3.331">
<properties>
<property name="skip" value="Safari has navigation timeout issues">
</property>
</properties>
<skipped>
</skipped>
</testcase>
<testcase name="[Desktop] Leben in Deutschland Test App - E2E Tests › Review Page - /review › should load review page" classname="e2e-tests-fixed.spec.ts" time="1.375">
</testcase>
<testcase name="[Desktop] Leben in Deutschland Test App - E2E Tests › Review Page - /review › should have back button" classname="e2e-tests-fixed.spec.ts" time="1.865">
</testcase>
<testcase name="[Desktop] Leben in Deutschland Test App - E2E Tests › Settings Page - /settings › should load settings page" classname="e2e-tests-fixed.spec.ts" time="1.91">
</testcase>
<testcase name="[Desktop] Leben in Deutschland Test App - E2E Tests › Settings Page - /settings › should have back button" classname="e2e-tests-fixed.spec.ts" time="2.042">
</testcase>
<testcase name="[Desktop] Leben in Deutschland Test App - E2E Tests › Stats Page - /stats › should load stats page" classname="e2e-tests-fixed.spec.ts" time="2.445">
</testcase>
<testcase name="[Desktop] Leben in Deutschland Test App - E2E Tests › Stats Page - /stats › should have back button" classname="e2e-tests-fixed.spec.ts" time="2.67">
</testcase>
<testcase name="[Mobile] Leben in Deutschland Test App - E2E Tests › Homepage - / › should load homepage with correct title" classname="e2e-tests-fixed.spec.ts" time="2.08">
</testcase>
<testcase name="[Mobile] Leben in Deutschland Test App - E2E Tests › Homepage - / › should display main hero section" classname="e2e-tests-fixed.spec.ts" time="1.353">
<properties>
<property name="skip" value="Safari has different DOM rendering">
</property>
</properties>
<skipped>
</skipped>
</testcase>
<testcase name="[Mobile] Leben in Deutschland Test App - E2E Tests › Homepage - / › should show statistics" classname="e2e-tests-fixed.spec.ts" time="1.827">
<properties>
<property name="skip" value="Safari has different DOM rendering">
</property>
</properties>
<skipped>
</skipped>
</testcase>
<testcase name="[Mobile] Leben in Deutschland Test App - E2E Tests › Homepage - / › should display CTA buttons" classname="e2e-tests-fixed.spec.ts" time="2.157">
</testcase>
<testcase name="[Mobile] Leben in Deutschland Test App - E2E Tests › Homepage - / › should navigate to practice" classname="e2e-tests-fixed.spec.ts" time="2.765">
</testcase>
<testcase name="[Mobile] Leben in Deutschland Test App - E2E Tests › Homepage - / › should navigate to test" classname="e2e-tests-fixed.spec.ts" time="2.925">
</testcase>
<testcase name="[Mobile] Leben in Deutschland Test App - E2E Tests › Practice Page - /practice › should load practice page" classname="e2e-tests-fixed.spec.ts" time="2.654">
</testcase>
<testcase name="[Mobile] Leben in Deutschland Test App - E2E Tests › Practice Page - /practice › should display practice content" classname="e2e-tests-fixed.spec.ts" time="3.236">
</testcase>
<testcase name="[Mobile] Leben in Deutschland Test App - E2E Tests › Practice Page - /practice › should have back button" classname="e2e-tests-fixed.spec.ts" time="2.528">
<properties>
<property name="skip" value="">
</property>
</properties>
<skipped>
</skipped>
</testcase>
<testcase name="[Mobile] Leben in Deutschland Test App - E2E Tests › Practice Page - /practice › back button should navigate to home" classname="e2e-tests-fixed.spec.ts" time="2.634">
<properties>
<property name="skip" value="">
</property>
</properties>
<skipped>
</skipped>
</testcase>
<testcase name="[Mobile] Leben in Deutschland Test App - E2E Tests › Test Page - /test › should load test page" classname="e2e-tests-fixed.spec.ts" time="3.619">
</testcase>
<testcase name="[Mobile] Leben in Deutschland Test App - E2E Tests › Test Page - /test › should have test configuration" classname="e2e-tests-fixed.spec.ts" time="4.685">
</testcase>
<testcase name="[Mobile] Leben in Deutschland Test App - E2E Tests › Test Page - /test › back button should navigate to home" classname="e2e-tests-fixed.spec.ts" time="3.124">
<properties>
<property name="skip" value="Safari has navigation timeout issues">
</property>
</properties>
<skipped>
</skipped>
</testcase>
<testcase name="[Mobile] Leben in Deutschland Test App - E2E Tests › Review Page - /review › should load review page" classname="e2e-tests-fixed.spec.ts" time="2.476">
</testcase>
<testcase name="[Mobile] Leben in Deutschland Test App - E2E Tests › Review Page - /review › should have back button" classname="e2e-tests-fixed.spec.ts" time="2.714">
<properties>
<property name="skip" value="">
</property>
</properties>
<skipped>
</skipped>
</testcase>
<testcase name="[Mobile] Leben in Deutschland Test App - E2E Tests › Settings Page - /settings › should load settings page" classname="e2e-tests-fixed.spec.ts" time="2.558">
</testcase>
<testcase name="[Mobile] Leben in Deutschland Test App - E2E Tests › Settings Page - /settings › should have back button" classname="e2e-tests-fixed.spec.ts" time="2.629">
<properties>
<property name="skip" value="">
</property>
</properties>
<skipped>
</skipped>
</testcase>
<testcase name="[Mobile] Leben in Deutschland Test App - E2E Tests › Stats Page - /stats › should load stats page" classname="e2e-tests-fixed.spec.ts" time="2.522">
</testcase>
<testcase name="[Mobile] Leben in Deutschland Test App - E2E Tests › Stats Page - /stats › should have back button" classname="e2e-tests-fixed.spec.ts" time="2.126">
<properties>
<property name="skip" value="">
</property>
</properties>
<skipped>
</skipped>
</testcase>
</testsuite>
<testsuite name="e2e-tests-fixed.spec.ts" timestamp="2026-09-28T12:39:25.577Z" hostname="Mobile Chrome" tests="38" failures="0" skipped="5" time="144.44" errors="0">
<testcase name="[Desktop] Leben in Deutschland Test App - E2E Tests › Homepage - / › should load homepage with correct title" classname="e2e-tests-fixed.spec.ts" time="3.626">
</testcase>
<testcase name="[Desktop] Leben in Deutschland Test App - E2E Tests › Homepage - / › should display main hero section" classname="e2e-tests-fixed.spec.ts" time="3.613">
</testcase>
<testcase name="[Desktop] Leben in Deutschland Test App - E2E Tests › Homepage - / › should show statistics" classname="e2e-tests-fixed.spec.ts" time="3.422">
</testcase>
<testcase name="[Desktop] Leben in Deutschland Test App - E2E Tests › Homepage - / › should display CTA buttons" classname="e2e-tests-fixed.spec.ts" time="3.068">
</testcase>
<testcase name="[Desktop] Leben in Deutschland Test App - E2E Tests › Homepage - / › should navigate to practice" classname="e2e-tests-fixed.spec.ts" time="4.665">
</testcase>
<testcase name="[Desktop] Leben in Deutschland Test App - E2E Tests › Homepage - / › should navigate to test" classname="e2e-tests-fixed.spec.ts" time="8.088">
</testcase>
<testcase name="[Desktop] Leben in Deutschland Test App - E2E Tests › Practice Page - /practice › should load practice page" classname="e2e-tests-fixed.spec.ts" time="4.922">
</testcase>
<testcase name="[Desktop] Leben in Deutschland Test App - E2E Tests › Practice Page - /practice › should display practice content" classname="e2e-tests-fixed.spec.ts" time="4.734">
</testcase>
<testcase name="[Desktop] Leben in Deutschland Test App - E2E Tests › Practice Page - /practice › should have back button" classname="e2e-tests-fixed.spec.ts" time="4.808">
</testcase>
<testcase name="[Desktop] Leben in Deutschland Test App - E2E Tests › Practice Page - /practice › back button should navigate to home" classname="e2e-tests-fixed.spec.ts" time="4.169">
</testcase>
<testcase name="[Desktop] Leben in Deutschland Test App - E2E Tests › Test Page - /test › should load test page" classname="e2e-tests-fixed.spec.ts" time="8.761">
</testcase>
<testcase name="[Desktop] Leben in Deutschland Test App - E2E Tests › Test Page - /test › should have test configuration" classname="e2e-tests-fixed.spec.ts" time="8.728">
</testcase>
<testcase name="[Desktop] Leben in Deutschland Test App - E2E Tests › Test Page - /test › back button should navigate to home" classname="e2e-tests-fixed.spec.ts" time="3.737">
</testcase>
<testcase name="[Desktop] Leben in Deutschland Test App - E2E Tests › Review Page - /review › should load review page" classname="e2e-tests-fixed.spec.ts" time="3.024">
</testcase>
<testcase name="[Desktop] Leben in Deutschland Test App - E2E Tests › Review Page - /review › should have back button" classname="e2e-tests-fixed.spec.ts" time="2.653">
</testcase>
<testcase name="[Desktop] Leben in Deutschland Test App - E2E Tests › Settings Page - /settings › should load settings page" classname="e2e-tests-fixed.spec.ts" time="2.412">
</testcase>
<testcase name="[Desktop] Leben in Deutschland Test App - E2E Tests › Settings Page - /settings › should have back button" classname="e2e-tests-fixed.spec.ts" time="2.253">
</testcase>
<testcase name="[Desktop] Leben in Deutschland Test App - E2E Tests › Stats Page - /stats › should load stats page" classname="e2e-tests-fixed.spec.ts" time="2.468">
</testcase>
<testcase name="[Desktop] Leben in Deutschland Test App - E2E Tests › Stats Page - /stats › should have back button" classname="e2e-tests-fixed.spec.ts" time="2.46">
</testcase>
<testcase name="[Mobile] Leben in Deutschland Test App - E2E Tests › Homepage - / › should load homepage with correct title" classname="e2e-tests-fixed.spec.ts" time="2.309">
</testcase>
<testcase name="[Mobile] Leben in Deutschland Test App - E2E Tests › Homepage - / › should display main hero section" classname="e2e-tests-fixed.spec.ts" time="2.141">
</testcase>
<testcase name="[Mobile] Leben in Deutschland Test App - E2E Tests › Homepage - / › should show statistics" classname="e2e-tests-fixed.spec.ts" time="2.438">
</testcase>
<testcase name="[Mobile] Leben in Deutschland Test App - E2E Tests › Homepage - / › should display CTA buttons" classname="e2e-tests-fixed.spec.ts" time="2.259">
</testcase>
<testcase name="[Mobile] Leben in Deutschland Test App - E2E Tests › Homepage - / › should navigate to practice" classname="e2e-tests-fixed.spec.ts" time="3.109">
</testcase>
<testcase name="[Mobile] Leben in Deutschland Test App - E2E Tests › Homepage - / › should navigate to test" classname="e2e-tests-fixed.spec.ts" time="3.375">
</testcase>
<testcase name="[Mobile] Leben in Deutschland Test App - E2E Tests › Practice Page - /practice › should load practice page" classname="e2e-tests-fixed.spec.ts" time="3.202">
</testcase>
<testcase name="[Mobile] Leben in Deutschland Test App - E2E Tests › Practice Page - /practice › should display practice content" classname="e2e-tests-fixed.spec.ts" time="3.091">
</testcase>
<testcase name="[Mobile] Leben in Deutschland Test App - E2E Tests › Practice Page - /practice › should have back button" classname="e2e-tests-fixed.spec.ts" time="3.464">
<properties>
<property name="skip" value="">
</property>
</properties>
<skipped>
</skipped>
</testcase>
<testcase name="[Mobile] Leben in Deutschland Test App - E2E Tests › Practice Page - /practice › back button should navigate to home" classname="e2e-tests-fixed.spec.ts" time="2.967">
<properties>
<property name="skip" value="">
</property>
</properties>
<skipped>
</skipped>
</testcase>
<testcase name="[Mobile] Leben in Deutschland Test App - E2E Tests › Test Page - /test › should load test page" classname="e2e-tests-fixed.spec.ts" time="6.977">
</testcase>
<testcase name="[Mobile] Leben in Deutschland Test App - E2E Tests › Test Page - /test › should have test configuration" classname="e2e-tests-fixed.spec.ts" time="6.739">
</testcase>
<testcase name="[Mobile] Leben in Deutschland Test App - E2E Tests › Test Page - /test › back button should navigate to home" classname="e2e-tests-fixed.spec.ts" time="7.63">
</testcase>
<testcase name="[Mobile] Leben in Deutschland Test App - E2E Tests › Review Page - /review › should load review page" classname="e2e-tests-fixed.spec.ts" time="3.312">
</testcase>
<testcase name="[Mobile] Leben in Deutschland Test App - E2E Tests › Review Page - /review › should have back button" classname="e2e-tests-fixed.spec.ts" time="2.414">
<properties>
<property name="skip" value="">
</property>
</properties>
<skipped>
</skipped>
</testcase>
<testcase name="[Mobile] Leben in Deutschland Test App - E2E Tests › Settings Page - /settings › should load settings page" classname="e2e-tests-fixed.spec.ts" time="1.844">
</testcase>
<testcase name="[Mobile] Leben in Deutschland Test App - E2E Tests › Settings Page - /settings › should have back button" classname="e2e-tests-fixed.spec.ts" time="1.835">
<properties>
<property name="skip" value="">
</property>
</properties>
<skipped>
</skipped>
</testcase>
<testcase name="[Mobile] Leben in Deutschland Test App - E2E Tests › Stats Page - /stats › should load stats page" classname="e2e-tests-fixed.spec.ts" time="1.974">
</testcase>
<testcase name="[Mobile] Leben in Deutschland Test App - E2E Tests › Stats Page - /stats › should have back button" classname="e2e-tests-fixed.spec.ts" time="1.749">
<properties>
<property name="skip" value="">
</property>
</properties>
<skipped>
</skipped>
</testcase>
</testsuite>
<testsuite name="e2e-tests-fixed.spec.ts" timestamp="2026-09-28T12:39:25.577Z" hostname="Mobile Safari" tests="38" failures="0" skipped="12" time="193.294" errors="0">
<testcase name="[Desktop] Leben in Deutschland Test App - E2E Tests › Homepage - / › should load homepage with correct title" classname="e2e-tests-fixed.spec.ts" time="2.887">
</testcase>
<testcase name="[Desktop] Leben in Deutschland Test App - E2E Tests › Homepage - / › should display main hero section" classname="e2e-tests-fixed.spec.ts" time="3.418">
<properties>
<property name="skip" value="Safari has different DOM rendering">
</property>
</properties>
<skipped>
</skipped>
</testcase>
<testcase name="[Desktop] Leben in Deutschland Test App - E2E Tests › Homepage - / › should show statistics" classname="e2e-tests-fixed.spec.ts" time="3.582">
<properties>
<property name="skip" value="Safari has different DOM rendering">
</property>
</properties>
<skipped>
</skipped>
</testcase>
<testcase name="[Desktop] Leben in Deutschland Test App - E2E Tests › Homepage - / › should display CTA buttons" classname="e2e-tests-fixed.spec.ts" time="5.728">
</testcase>
<testcase name="[Desktop] Leben in Deutschland Test App - E2E Tests › Homepage - / › should navigate to practice" classname="e2e-tests-fixed.spec.ts" time="12.556">
</testcase>
<testcase name="[Desktop] Leben in Deutschland Test App - E2E Tests › Homepage - / › should navigate to test" classname="e2e-tests-fixed.spec.ts" time="8.912">
</testcase>
<testcase name="[Desktop] Leben in Deutschland Test App - E2E Tests › Practice Page - /practice › should load practice page" classname="e2e-tests-fixed.spec.ts" time="3.656">
</testcase>
<testcase name="[Desktop] Leben in Deutschland Test App - E2E Tests › Practice Page - /practice › should display practice content" classname="e2e-tests-fixed.spec.ts" time="5.977">
</testcase>
<testcase name="[Desktop] Leben in Deutschland Test App - E2E Tests › Practice Page - /practice › should have back button" classname="e2e-tests-fixed.spec.ts" time="10.25">
</testcase>
<testcase name="[Desktop] Leben in Deutschland Test App - E2E Tests › Practice Page - /practice › back button should navigate to home" classname="e2e-tests-fixed.spec.ts" time="7.481">
<properties>
<property name="skip" value="Safari has navigation timeout issues">
</property>
</properties>
<skipped>
</skipped>
</testcase>
<testcase name="[Desktop] Leben in Deutschland Test App - E2E Tests › Test Page - /test › should load test page" classname="e2e-tests-fixed.spec.ts" time="11.145">
</testcase>
<testcase name="[Desktop] Leben in Deutschland Test App - E2E Tests › Test Page - /test › should have test configuration" classname="e2e-tests-fixed.spec.ts" time="8.496">
</testcase>
<testcase name="[Desktop] Leben in Deutschland Test App - E2E Tests › Test Page - /test › back button should navigate to home" classname="e2e-tests-fixed.spec.ts" time="9.759">
<properties>
<property name="skip" value="Safari has navigation timeout issues">
</property>
</properties>
<skipped>
</skipped>
</testcase>
<testcase name="[Desktop] Leben in Deutschland Test App - E2E Tests › Review Page - /review › should load review page" classname="e2e-tests-fixed.spec.ts" time="4.808">
</testcase>
<testcase name="[Desktop] Leben in Deutschland Test App - E2E Tests › Review Page - /review › should have back button" classname="e2e-tests-fixed.spec.ts" time="5.324">
</testcase>
<testcase name="[Desktop] Leben in Deutschland Test App - E2E Tests › Settings Page - /settings › should load settings page" classname="e2e-tests-fixed.spec.ts" time="4.51">
</testcase>
<testcase name="[Desktop] Leben in Deutschland Test App - E2E Tests › Settings Page - /settings › should have back button" classname="e2e-tests-fixed.spec.ts" time="5.556">
</testcase>
<testcase name="[Desktop] Leben in Deutschland Test App - E2E Tests › Stats Page - /stats › should load stats page" classname="e2e-tests-fixed.spec.ts" time="4.204">
</testcase>
<testcase name="[Desktop] Leben in Deutschland Test App - E2E Tests › Stats Page - /stats › should have back button" classname="e2e-tests-fixed.spec.ts" time="4.427">
</testcase>
<testcase name="[Mobile] Leben in Deutschland Test App - E2E Tests › Homepage - / › should load homepage with correct title" classname="e2e-tests-fixed.spec.ts" time="2.785">
</testcase>
<testcase name="[Mobile] Leben in Deutschland Test App - E2E Tests › Homepage - / › should display main hero section" classname="e2e-tests-fixed.spec.ts" time="2.179">
<properties>
<property name="skip" value="Safari has different DOM rendering">
</property>
</properties>
<skipped>
</skipped>
</testcase>
<testcase name="[Mobile] Leben in Deutschland Test App - E2E Tests › Homepage - / › should show statistics" classname="e2e-tests-fixed.spec.ts" time="2.351">
<properties>
<property name="skip" value="Safari has different DOM rendering">
</property>
</properties>
<skipped>
</skipped>
</testcase>
<testcase name="[Mobile] Leben in Deutschland Test App - E2E Tests › Homepage - / › should display CTA buttons" classname="e2e-tests-fixed.spec.ts" time="3.571">
</testcase>
<testcase name="[Mobile] Leben in Deutschland Test App - E2E Tests › Homepage - / › should navigate to practice" classname="e2e-tests-fixed.spec.ts" time="4.666">
</testcase>
<testcase name="[Mobile] Leben in Deutschland Test App - E2E Tests › Homepage - / › should navigate to test" classname="e2e-tests-fixed.spec.ts" time="7.452">
</testcase>
<testcase name="[Mobile] Leben in Deutschland Test App - E2E Tests › Practice Page - /practice › should load practice page" classname="e2e-tests-fixed.spec.ts" time="5.697">
</testcase>
<testcase name="[Mobile] Leben in Deutschland Test App - E2E Tests › Practice Page - /practice › should display practice content" classname="e2e-tests-fixed.spec.ts" time="4.275">
</testcase>
<testcase name="[Mobile] Leben in Deutschland Test App - E2E Tests › Practice Page - /practice › should have back button" classname="e2e-tests-fixed.spec.ts" time="3.818">
<properties>
<property name="skip" value="">
</property>
</properties>
<skipped>
</skipped>
</testcase>
<testcase name="[Mobile] Leben in Deutschland Test App - E2E Tests › Practice Page - /practice › back button should navigate to home" classname="e2e-tests-fixed.spec.ts" time="3.547">
<properties>
<property name="skip" value="">
</property>
</properties>
<skipped>
</skipped>
</testcase>
<testcase name="[Mobile] Leben in Deutschland Test App - E2E Tests › Test Page - /test › should load test page" classname="e2e-tests-fixed.spec.ts" time="5.079">
</testcase>
<testcase name="[Mobile] Leben in Deutschland Test App - E2E Tests › Test Page - /test › should have test configuration" classname="e2e-tests-fixed.spec.ts" time="5.024">
</testcase>
<testcase name="[Mobile] Leben in Deutschland Test App - E2E Tests › Test Page - /test › back button should navigate to home" classname="e2e-tests-fixed.spec.ts" time="4.618">
<properties>
<property name="skip" value="Safari has navigation timeout issues">
</property>
</properties>
<skipped>
</skipped>
</testcase>
<testcase name="[Mobile] Leben in Deutschland Test App - E2E Tests › Review Page - /review › should load review page" classname="e2e-tests-fixed.spec.ts" time="3.608">
</testcase>
<testcase name="[Mobile] Leben in Deutschland Test App - E2E Tests › Review Page - /review › should have back button" classname="e2e-tests-fixed.spec.ts" time="2.06">
<properties>
<property name="skip" value="">
</property>
</properties>
<skipped>
</skipped>
</testcase>
<testcase name="[Mobile] Leben in Deutschland Test App - E2E Tests › Settings Page - /settings › should load settings page" classname="e2e-tests-fixed.spec.ts" time="2.642">
</testcase>
<testcase name="[Mobile] Leben in Deutschland Test App - E2E Tests › Settings Page - /settings › should have back button" classname="e2e-tests-fixed.spec.ts" time="2.783">
<properties>
<property name="skip" value="">
</property>
</properties>
<skipped>
</skipped>
</testcase>
<testcase name="[Mobile] Leben in Deutschland Test App - E2E Tests › Stats Page - /stats › should load stats page" classname="e2e-tests-fixed.spec.ts" time="2.262">
</testcase>
<testcase name="[Mobile] Leben in Deutschland Test App - E2E Tests › Stats Page - /stats › should have back button" classname="e2e-tests-fixed.spec.ts" time="2.201">
<properties>
<property name="skip" value="">
</property>
</properties>
<skipped>
</skipped>
</testcase>
</testsuite>
</testsuites>